// Jest Snapshot v1, https://goo.gl/fbAQLP

exports[`Handle multiple font styles 1`] = `"<pre class=\\"shiki\\" style=\\"background-color: #263238\\"><code><span class=\\"line\\"><span style=\\"color: #89DDFF; font-style: italic\\">**</span><span style=\\"color: #89DDFF; font-style: italic\\">*</span><span style=\\"color: #F07178; font-style: italic\\">bold italic</span><span style=\\"color: #89DDFF; font-style: italic\\">*</span><span style=\\"color: #89DDFF; font-style: italic\\">**</span></span></code></pre>"`;
